[2026-08-16 21:18:35,191] DESKTOP-GBBGRE4/INFO/locust.main: Starting Locust 2.46.3
[2026-08-16 21:18:35,192] DESKTOP-GBBGRE4/INFO/locust.main: Run time limit set to 60 seconds
[2026-08-16 21:18:35,194] DESKTOP-GBBGRE4/INFO/locust.runners: Ramping to 30 users at a rate of 5.00 per second
[2026-08-16 21:18:40,234] DESKTOP-GBBGRE4/INFO/locust.runners: All users spawned: {"ResearchUser": 30} (30 total users)
[2026-08-16 21:19:34,718] DESKTOP-GBBGRE4/INFO/locust.main: --run-time limit reached, shutting down
[2026-08-16 21:19:34,909] DESKTOP-GBBGRE4/INFO/locust.main: Shutting down (exit code 1)
Type     Name                                                                          # reqs      # fails |    Avg     Min     Max    Med |   req/s  failures/s
--------|----------------------------------------------------------------------------|-------|-------------|-------|-------|-------|-------|--------|-----------
GET      /compute                                                                        3465    23(0.66%) |    135      82    1174    120 |   58.04        0.39
--------|----------------------------------------------------------------------------|-------|-------------|-------|-------|-------|-------|--------|-----------
         Aggregated                                                                      3465    23(0.66%) |    135      82    1174    120 |   58.04        0.39
System.Management.Automation.RemoteException
Response time percentiles (approximated)
Type     Name                                                                                  50%    66%    75%    80%    90%    95%    98%    99%  99.9% 99.99%   100% # reqs
--------|--------------------------------------------------------------------------------|--------|------|------|------|------|------|------|------|------|------|------|------
GET      /compute                                                                              120    130    130    140    160    210    290    330   1100   1200   1200   3465
--------|--------------------------------------------------------------------------------|--------|------|------|------|------|------|------|------|------|------|------|------
         Aggregated                                                                            120    130    130    140    160    210    290    330   1100   1200   1200   3465
System.Management.Automation.RemoteException
Error report
# occurrences      Error                                                                                               
------------------|---------------------------------------------------------------------------------------------------------------------------------------------
23                 GET /compute: HTTP 503                                                                              
------------------|---------------------------------------------------------------------------------------------------------------------------------------------
System.Management.Automation.RemoteException
