[2026-08-16 21:19:49,129] DESKTOP-GBBGRE4/INFO/locust.main: Starting Locust 2.46.3
[2026-08-16 21:19:49,129] DESKTOP-GBBGRE4/INFO/locust.main: Run time limit set to 60 seconds
[2026-08-16 21:19:49,137] DESKTOP-GBBGRE4/INFO/locust.runners: Ramping to 30 users at a rate of 5.00 per second
[2026-08-16 21:19:54,161] DESKTOP-GBBGRE4/INFO/locust.runners: All users spawned: {"ResearchUser": 30} (30 total users)
[2026-08-16 21:20:56,305] DESKTOP-GBBGRE4/INFO/locust.main: --run-time limit reached, shutting down
[2026-08-16 21:20:57,027] DESKTOP-GBBGRE4/INFO/locust.main: Shutting down (exit code 1)
Type     Name                                                                          # reqs      # fails |    Avg     Min     Max    Med |   req/s  failures/s
--------|----------------------------------------------------------------------------|-------|-------------|-------|-------|-------|-------|--------|-----------
GET      /compute                                                                        1407    38(2.70%) |    496      94   40116    130 |   20.98        0.57
--------|----------------------------------------------------------------------------|-------|-------------|-------|-------|-------|-------|--------|-----------
         Aggregated                                                                      1407    38(2.70%) |    496      94   40116    130 |   20.98        0.57
System.Management.Automation.RemoteException
Response time percentiles (approximated)
Type     Name                                                                                  50%    66%    75%    80%    90%    95%    98%    99%  99.9% 99.99%   100% # reqs
--------|--------------------------------------------------------------------------------|--------|------|------|------|------|------|------|------|------|------|------|------
GET      /compute                                                                              130    140    160    180    220    300    350   1100  40000  40000  40000   1407
--------|--------------------------------------------------------------------------------|--------|------|------|------|------|------|------|------|------|------|------|------
         Aggregated                                                                            130    140    160    180    220    300    350   1100  40000  40000  40000   1407
System.Management.Automation.RemoteException
Error report
# occurrences      Error                                                                                               
------------------|---------------------------------------------------------------------------------------------------------------------------------------------
26                 GET /compute: HTTP 503                                                                              
12                 GET /compute: HTTP 0                                                                                
------------------|---------------------------------------------------------------------------------------------------------------------------------------------
System.Management.Automation.RemoteException
