[2026-08-16 22:54:01,362] DESKTOP-GBBGRE4/INFO/locust.main: Starting Locust 2.46.3
[2026-08-16 22:54:01,367] DESKTOP-GBBGRE4/INFO/locust.main: Run time limit set to 300 seconds
[2026-08-16 22:54:01,367] DESKTOP-GBBGRE4/INFO/locust.runners: Ramping to 20 users at a rate of 4.00 per second
[2026-08-16 22:54:05,399] DESKTOP-GBBGRE4/INFO/locust.runners: All users spawned: {"ResearchUser": 20} (20 total users)
[2026-08-16 22:59:00,142] DESKTOP-GBBGRE4/INFO/locust.main: --run-time limit reached, shutting down
[2026-08-16 22:59:00,405] DESKTOP-GBBGRE4/INFO/locust.main: Shutting down (exit code 1)
Type     Name                                                                          # reqs      # fails |    Avg     Min     Max    Med |   req/s  failures/s
--------|----------------------------------------------------------------------------|-------|-------------|-------|-------|-------|-------|--------|-----------
GET      /compute                                                                        8929    90(1.01%) |    307     114    5711    150 |   29.89        0.30
--------|----------------------------------------------------------------------------|-------|-------------|-------|-------|-------|-------|--------|-----------
         Aggregated                                                                      8929    90(1.01%) |    307     114    5711    150 |   29.89        0.30
System.Management.Automation.RemoteException
Response time percentiles (approximated)
Type     Name                                                                                  50%    66%    75%    80%    90%    95%    98%    99%  99.9% 99.99%   100% # reqs
--------|--------------------------------------------------------------------------------|--------|------|------|------|------|------|------|------|------|------|------|------
GET      /compute                                                                              150    160    200    250    540   1100   2200   2900   5400   5700   5700   8929
--------|--------------------------------------------------------------------------------|--------|------|------|------|------|------|------|------|------|------|------|------
         Aggregated                                                                            150    160    200    250    540   1100   2200   2900   5400   5700   5700   8929
System.Management.Automation.RemoteException
Error report
# occurrences      Error                                                                                               
------------------|---------------------------------------------------------------------------------------------------------------------------------------------
90                 GET /compute: HTTP 503                                                                              
------------------|---------------------------------------------------------------------------------------------------------------------------------------------
System.Management.Automation.RemoteException
