[2026-08-16 21:34:23,146] DESKTOP-GBBGRE4/INFO/locust.main: Starting Locust 2.46.3
[2026-08-16 21:34:23,159] DESKTOP-GBBGRE4/INFO/locust.main: Run time limit set to 60 seconds
[2026-08-16 21:34:23,163] DESKTOP-GBBGRE4/INFO/locust.runners: Ramping to 30 users at a rate of 30.00 per second
[2026-08-16 21:34:23,164] DESKTOP-GBBGRE4/INFO/locust.runners: All users spawned: {"ResearchUser": 30} (30 total users)
[2026-08-16 21:35:22,674] DESKTOP-GBBGRE4/INFO/locust.main: --run-time limit reached, shutting down
[2026-08-16 21:35:22,768] DESKTOP-GBBGRE4/INFO/locust.main: Shutting down (exit code 1)
Type     Name                                                                          # reqs      # fails |    Avg     Min     Max    Med |   req/s  failures/s
--------|----------------------------------------------------------------------------|-------|-------------|-------|-------|-------|-------|--------|-----------
GET      /compute                                                                        3548    11(0.31%) |    148      98     770    120 |   59.54        0.18
--------|----------------------------------------------------------------------------|-------|-------------|-------|-------|-------|-------|--------|-----------
         Aggregated                                                                      3548    11(0.31%) |    148      98     770    120 |   59.54        0.18
System.Management.Automation.RemoteException
Response time percentiles (approximated)
Type     Name                                                                                  50%    66%    75%    80%    90%    95%    98%    99%  99.9% 99.99%   100% # reqs
--------|--------------------------------------------------------------------------------|--------|------|------|------|------|------|------|------|------|------|------|------
GET      /compute                                                                              120    130    130    130    240    380    460    500    630    770    770   3548
--------|--------------------------------------------------------------------------------|--------|------|------|------|------|------|------|------|------|------|------|------
         Aggregated                                                                            120    130    130    130    240    380    460    500    630    770    770   3548
System.Management.Automation.RemoteException
Error report
# occurrences      Error                                                                                               
------------------|---------------------------------------------------------------------------------------------------------------------------------------------
11                 GET /compute: HTTP 503                                                                              
------------------|---------------------------------------------------------------------------------------------------------------------------------------------
System.Management.Automation.RemoteException
