[2026-08-16 22:41:05,667] DESKTOP-GBBGRE4/INFO/locust.main: Starting Locust 2.46.3
[2026-08-16 22:41:05,673] DESKTOP-GBBGRE4/INFO/locust.main: Run time limit set to 300 seconds
[2026-08-16 22:41:05,682] DESKTOP-GBBGRE4/INFO/locust.runners: Ramping to 20 users at a rate of 4.00 per second
[2026-08-16 22:41:09,709] DESKTOP-GBBGRE4/INFO/locust.runners: All users spawned: {"ResearchUser": 20} (20 total users)
[2026-08-16 22:46:04,916] DESKTOP-GBBGRE4/INFO/locust.main: --run-time limit reached, shutting down
[2026-08-16 22:46:05,020] DESKTOP-GBBGRE4/INFO/locust.main: Shutting down (exit code 1)
Type     Name                                                                          # reqs      # fails |    Avg     Min     Max    Med |   req/s  failures/s
--------|----------------------------------------------------------------------------|-------|-------------|-------|-------|-------|-------|--------|-----------
GET      /compute                                                                        6757    37(0.55%) |    520     117    8528    290 |   22.59        0.12
--------|----------------------------------------------------------------------------|-------|-------------|-------|-------|-------|-------|--------|-----------
         Aggregated                                                                      6757    37(0.55%) |    520     117    8528    290 |   22.59        0.12
System.Management.Automation.RemoteException
Response time percentiles (approximated)
Type     Name                                                                                  50%    66%    75%    80%    90%    95%    98%    99%  99.9% 99.99%   100% # reqs
--------|--------------------------------------------------------------------------------|--------|------|------|------|------|------|------|------|------|------|------|------
GET      /compute                                                                              290    400    500    580    920   1500   3500   4600   8000   8500   8500   6757
--------|--------------------------------------------------------------------------------|--------|------|------|------|------|------|------|------|------|------|------|------
         Aggregated                                                                            290    400    500    580    920   1500   3500   4600   8000   8500   8500   6757
System.Management.Automation.RemoteException
Error report
# occurrences      Error                                                                                               
------------------|---------------------------------------------------------------------------------------------------------------------------------------------
37                 GET /compute: HTTP 503                                                                              
------------------|---------------------------------------------------------------------------------------------------------------------------------------------
System.Management.Automation.RemoteException
