[2026-08-16 22:12:17,201] DESKTOP-GBBGRE4/INFO/locust.main: Starting Locust 2.46.3
[2026-08-16 22:12:17,201] DESKTOP-GBBGRE4/INFO/locust.main: Run time limit set to 60 seconds
[2026-08-16 22:12:17,201] DESKTOP-GBBGRE4/INFO/locust.runners: Ramping to 30 users at a rate of 30.00 per second
[2026-08-16 22:12:17,213] DESKTOP-GBBGRE4/INFO/locust.runners: All users spawned: {"ResearchUser": 30} (30 total users)
[2026-08-16 22:13:16,404] DESKTOP-GBBGRE4/INFO/locust.main: --run-time limit reached, shutting down
[2026-08-16 22:13:16,514] DESKTOP-GBBGRE4/INFO/locust.main: Shutting down (exit code 1)
Type     Name                                                                          # reqs      # fails |    Avg     Min     Max    Med |   req/s  failures/s
--------|----------------------------------------------------------------------------|-------|-------------|-------|-------|-------|-------|--------|-----------
GET      /compute                                                                        3491    18(0.52%) |    155      99    1502    130 |   58.87        0.30
--------|----------------------------------------------------------------------------|-------|-------------|-------|-------|-------|-------|--------|-----------
         Aggregated                                                                      3491    18(0.52%) |    155      99    1502    130 |   58.87        0.30
System.Management.Automation.RemoteException
Response time percentiles (approximated)
Type     Name                                                                                  50%    66%    75%    80%    90%    95%    98%    99%  99.9% 99.99%   100% # reqs
--------|--------------------------------------------------------------------------------|--------|------|------|------|------|------|------|------|------|------|------|------
GET      /compute                                                                              130    140    140    150    200    270    520    690   1100   1500   1500   3491
--------|--------------------------------------------------------------------------------|--------|------|------|------|------|------|------|------|------|------|------|------
         Aggregated                                                                            130    140    140    150    200    270    520    690   1100   1500   1500   3491
System.Management.Automation.RemoteException
Error report
# occurrences      Error                                                                                               
------------------|---------------------------------------------------------------------------------------------------------------------------------------------
18                 GET /compute: HTTP 503                                                                              
------------------|---------------------------------------------------------------------------------------------------------------------------------------------
System.Management.Automation.RemoteException
