[2026-08-16 22:18:23,328] DESKTOP-GBBGRE4/INFO/locust.main: Starting Locust 2.46.3
[2026-08-16 22:18:23,344] DESKTOP-GBBGRE4/INFO/locust.main: Run time limit set to 60 seconds
[2026-08-16 22:18:23,344] DESKTOP-GBBGRE4/INFO/locust.runners: Ramping to 30 users at a rate of 30.00 per second
[2026-08-16 22:18:23,353] DESKTOP-GBBGRE4/INFO/locust.runners: All users spawned: {"ResearchUser": 30} (30 total users)
[2026-08-16 22:19:22,637] DESKTOP-GBBGRE4/INFO/locust.main: --run-time limit reached, shutting down
[2026-08-16 22:19:22,759] DESKTOP-GBBGRE4/INFO/locust.main: Shutting down (exit code 1)
Type     Name                                                                          # reqs      # fails |    Avg     Min     Max    Med |   req/s  failures/s
--------|----------------------------------------------------------------------------|-------|-------------|-------|-------|-------|-------|--------|-----------
GET      /compute                                                                        3472    14(0.40%) |    158     104     732    140 |   58.45        0.24
--------|----------------------------------------------------------------------------|-------|-------------|-------|-------|-------|-------|--------|-----------
         Aggregated                                                                      3472    14(0.40%) |    158     104     732    140 |   58.45        0.24
System.Management.Automation.RemoteException
Response time percentiles (approximated)
Type     Name                                                                                  50%    66%    75%    80%    90%    95%    98%    99%  99.9% 99.99%   100% # reqs
--------|--------------------------------------------------------------------------------|--------|------|------|------|------|------|------|------|------|------|------|------
GET      /compute                                                                              140    140    150    150    190    290    470    560    690    730    730   3472
--------|--------------------------------------------------------------------------------|--------|------|------|------|------|------|------|------|------|------|------|------
         Aggregated                                                                            140    140    150    150    190    290    470    560    690    730    730   3472
System.Management.Automation.RemoteException
Error report
# occurrences      Error                                                                                               
------------------|---------------------------------------------------------------------------------------------------------------------------------------------
14                 GET /compute: HTTP 503                                                                              
------------------|---------------------------------------------------------------------------------------------------------------------------------------------
System.Management.Automation.RemoteException
