[2026-08-16 21:10:36,505] DESKTOP-GBBGRE4/INFO/locust.main: Starting Locust 2.46.3
[2026-08-16 21:10:36,507] DESKTOP-GBBGRE4/INFO/locust.main: Run time limit set to 60 seconds
[2026-08-16 21:10:36,507] DESKTOP-GBBGRE4/INFO/locust.runners: Ramping to 15 users at a rate of 3.00 per second
[2026-08-16 21:10:40,537] DESKTOP-GBBGRE4/INFO/locust.runners: All users spawned: {"ResearchUser": 15} (15 total users)
[2026-08-16 21:11:36,037] DESKTOP-GBBGRE4/INFO/locust.main: --run-time limit reached, shutting down
[2026-08-16 21:11:36,114] DESKTOP-GBBGRE4/INFO/locust.main: Shutting down (exit code 1)
Type     Name                                                                          # reqs      # fails |    Avg     Min     Max    Med |   req/s  failures/s
--------|----------------------------------------------------------------------------|-------|-------------|-------|-------|-------|-------|--------|-----------
GET      /compute                                                                        1458     5(0.34%) |    236     107    1687    130 |   24.46        0.08
--------|----------------------------------------------------------------------------|-------|-------------|-------|-------|-------|-------|--------|-----------
         Aggregated                                                                      1458     5(0.34%) |    236     107    1687    130 |   24.46        0.08
System.Management.Automation.RemoteException
Response time percentiles (approximated)
Type     Name                                                                                  50%    66%    75%    80%    90%    95%    98%    99%  99.9% 99.99%   100% # reqs
--------|--------------------------------------------------------------------------------|--------|------|------|------|------|------|------|------|------|------|------|------
GET      /compute                                                                              130    150    210    270    500    770   1200   1300   1700   1700   1700   1458
--------|--------------------------------------------------------------------------------|--------|------|------|------|------|------|------|------|------|------|------|------
         Aggregated                                                                            130    150    210    270    500    770   1200   1300   1700   1700   1700   1458
System.Management.Automation.RemoteException
Error report
# occurrences      Error                                                                                               
------------------|---------------------------------------------------------------------------------------------------------------------------------------------
5                  GET /compute: HTTP 503                                                                              
------------------|---------------------------------------------------------------------------------------------------------------------------------------------
System.Management.Automation.RemoteException
