[2026-08-16 22:46:13,790] DESKTOP-GBBGRE4/INFO/locust.main: Starting Locust 2.46.3
[2026-08-16 22:46:13,790] DESKTOP-GBBGRE4/INFO/locust.main: Run time limit set to 300 seconds
[2026-08-16 22:46:13,790] DESKTOP-GBBGRE4/INFO/locust.runners: Ramping to 20 users at a rate of 4.00 per second
[2026-08-16 22:46:17,834] DESKTOP-GBBGRE4/INFO/locust.runners: All users spawned: {"ResearchUser": 20} (20 total users)
[2026-08-16 22:53:49,424] DESKTOP-GBBGRE4/INFO/locust.main: --run-time limit reached, shutting down
[2026-08-16 22:53:50,178] DESKTOP-GBBGRE4/INFO/locust.main: Shutting down (exit code 1)
Type     Name                                                                          # reqs      # fails |    Avg     Min     Max    Med |   req/s  failures/s
--------|----------------------------------------------------------------------------|-------|-------------|-------|-------|-------|-------|--------|-----------
GET      /compute                                                                        5907   148(2.51%) |    806     108  194908    160 |   12.97        0.32
--------|----------------------------------------------------------------------------|-------|-------------|-------|-------|-------|-------|--------|-----------
         Aggregated                                                                      5907   148(2.51%) |    806     108  194908    160 |   12.97        0.32
System.Management.Automation.RemoteException
Response time percentiles (approximated)
Type     Name                                                                                  50%    66%    75%    80%    90%    95%    98%    99%  99.9% 99.99%   100% # reqs
--------|--------------------------------------------------------------------------------|--------|------|------|------|------|------|------|------|------|------|------|------
GET      /compute                                                                              160    200    310    400    760   2100   3800   5200 195000 195000 195000   5907
--------|--------------------------------------------------------------------------------|--------|------|------|------|------|------|------|------|------|------|------|------
         Aggregated                                                                            160    200    310    400    760   2100   3800   5200 195000 195000 195000   5907
System.Management.Automation.RemoteException
Error report
# occurrences      Error                                                                                               
------------------|---------------------------------------------------------------------------------------------------------------------------------------------
127                GET /compute: HTTP 503                                                                              
21                 GET /compute: HTTP 0                                                                                
------------------|---------------------------------------------------------------------------------------------------------------------------------------------
System.Management.Automation.RemoteException
