[2026-08-16 22:27:49,013] DESKTOP-GBBGRE4/INFO/locust.main: Starting Locust 2.46.3
[2026-08-16 22:27:49,013] DESKTOP-GBBGRE4/INFO/locust.main: Run time limit set to 300 seconds
[2026-08-16 22:27:49,020] DESKTOP-GBBGRE4/INFO/locust.runners: Ramping to 20 users at a rate of 4.00 per second
[2026-08-16 22:27:53,056] DESKTOP-GBBGRE4/INFO/locust.runners: All users spawned: {"ResearchUser": 20} (20 total users)
[2026-08-16 22:32:48,226] DESKTOP-GBBGRE4/INFO/locust.main: --run-time limit reached, shutting down
[2026-08-16 22:32:48,358] DESKTOP-GBBGRE4/INFO/locust.main: Shutting down (exit code 1)
Type     Name                                                                          # reqs      # fails |    Avg     Min     Max    Med |   req/s  failures/s
--------|----------------------------------------------------------------------------|-------|-------------|-------|-------|-------|-------|--------|-----------
GET      /compute                                                                        6719    11(0.16%) |    398      98   97138    180 |   22.45        0.04
--------|----------------------------------------------------------------------------|-------|-------------|-------|-------|-------|-------|--------|-----------
         Aggregated                                                                      6719    11(0.16%) |    398      98   97138    180 |   22.45        0.04
System.Management.Automation.RemoteException
Response time percentiles (approximated)
Type     Name                                                                                  50%    66%    75%    80%    90%    95%    98%    99%  99.9% 99.99%   100% # reqs
--------|--------------------------------------------------------------------------------|--------|------|------|------|------|------|------|------|------|------|------|------
GET      /compute                                                                              180    210    250    280    410    550    840   1300  97000  97000  97000   6719
--------|--------------------------------------------------------------------------------|--------|------|------|------|------|------|------|------|------|------|------|------
         Aggregated                                                                            180    210    250    280    410    550    840   1300  97000  97000  97000   6719
System.Management.Automation.RemoteException
Error report
# occurrences      Error                                                                                               
------------------|---------------------------------------------------------------------------------------------------------------------------------------------
11                 GET /compute: HTTP 0                                                                                
------------------|---------------------------------------------------------------------------------------------------------------------------------------------
System.Management.Automation.RemoteException
