[2026-08-16 22:32:53,485] DESKTOP-GBBGRE4/INFO/locust.main: Starting Locust 2.46.3
[2026-08-16 22:32:53,488] DESKTOP-GBBGRE4/INFO/locust.main: Run time limit set to 300 seconds
[2026-08-16 22:32:53,488] DESKTOP-GBBGRE4/INFO/locust.runners: Ramping to 20 users at a rate of 4.00 per second
[2026-08-16 22:32:57,520] DESKTOP-GBBGRE4/INFO/locust.runners: All users spawned: {"ResearchUser": 20} (20 total users)
[2026-08-16 22:40:53,589] DESKTOP-GBBGRE4/INFO/locust.main: --run-time limit reached, shutting down
[2026-08-16 22:40:54,870] DESKTOP-GBBGRE4/INFO/locust.main: Shutting down (exit code 1)
Type     Name                                                                          # reqs      # fails |    Avg     Min     Max    Med |   req/s  failures/s
--------|----------------------------------------------------------------------------|-------|-------------|-------|-------|-------|-------|--------|-----------
GET      /compute                                                                        2996     5(0.17%) |   1082     100  350411    210 |    6.24        0.01
--------|----------------------------------------------------------------------------|-------|-------------|-------|-------|-------|-------|--------|-----------
         Aggregated                                                                      2996     5(0.17%) |   1082     100  350411    210 |    6.24        0.01
System.Management.Automation.RemoteException
Response time percentiles (approximated)
Type     Name                                                                                  50%    66%    75%    80%    90%    95%    98%    99%  99.9% 99.99%   100% # reqs
--------|--------------------------------------------------------------------------------|--------|------|------|------|------|------|------|------|------|------|------|------
GET      /compute                                                                              210    320    430    570   1000   1900   3800   5100 350000 350000 350000   2996
--------|--------------------------------------------------------------------------------|--------|------|------|------|------|------|------|------|------|------|------|------
         Aggregated                                                                            210    320    430    570   1000   1900   3800   5100 350000 350000 350000   2996
System.Management.Automation.RemoteException
Error report
# occurrences      Error                                                                                               
------------------|---------------------------------------------------------------------------------------------------------------------------------------------
5                  GET /compute: HTTP 0                                                                                
------------------|---------------------------------------------------------------------------------------------------------------------------------------------
System.Management.Automation.RemoteException
